-- FortressQL PQC: Hybrid proof audit logging regression tests
-- Tests audit key initialization, dual signing, verification, and chain integrity
-- Start with base extension (version 1.0) then upgrade to 1.1
CREATE EXTENSION pgcrypto_pqc VERSION '1.0';
ALTER EXTENSION pgcrypto_pqc UPDATE TO '1.1';
-- ============================================================
-- Initialize audit keys (Ed25519 + ML-DSA-65)
-- ============================================================
SELECT pqc_audit_init_keys();
 pqc_audit_init_keys
---------------------

(1 row)

-- Verify keys were stored
SELECT
    key_purpose,
    algorithm,
    length(public_key) > 0 AS has_public_key,
    length(encrypted_secret_key) > 0 AS has_secret_key,
    is_active
FROM pqc_audit_keys
ORDER BY key_purpose;
 key_purpose | algorithm | has_public_key | has_secret_key | is_active
-------------+-----------+----------------+----------------+-----------
 classical   | Ed25519   | t              | t              | t
 pqc         | ML-DSA-65 | t              | t              | t
(2 rows)

-- ============================================================
-- Dual-sign a message and verify both signatures
-- ============================================================
DO $$
DECLARE
    msg bytea := convert_to('audit test message', 'UTF8');
    sigs RECORD;
    verif RECORD;
BEGIN
    SELECT * INTO sigs FROM pqc_audit_sign(msg);

    -- Verify classical_alg and pqc_alg are set
    IF sigs.classical_alg IS NOT NULL AND sigs.pqc_alg IS NOT NULL THEN
        RAISE NOTICE 'Dual-sign returned algorithms: PASS';
    ELSE
        RAISE EXCEPTION 'Dual-sign returned algorithms: FAIL';
    END IF;

    -- Verify both signatures
    SELECT * INTO verif FROM pqc_audit_verify(
        msg,
        sigs.classical_sig,
        sigs.classical_alg,
        sigs.pqc_sig,
        sigs.pqc_alg
    );

    IF verif.classical_valid AND verif.pqc_valid THEN
        RAISE NOTICE 'Dual-signature verification: PASS';
    ELSE
        RAISE EXCEPTION 'Dual-signature verification: FAIL (classical=%, pqc=%)',
            verif.classical_valid, verif.pqc_valid;
    END IF;
END $$;
NOTICE:  Dual-sign returned algorithms: PASS
NOTICE:  Dual-signature verification: PASS
-- ============================================================
-- Verify tampered message fails dual verification
-- ============================================================
DO $$
DECLARE
    msg bytea := convert_to('original audit message', 'UTF8');
    tampered bytea := convert_to('tampered audit message', 'UTF8');
    sigs RECORD;
    verif RECORD;
BEGIN
    SELECT * INTO sigs FROM pqc_audit_sign(msg);

    -- Verify with tampered message
    SELECT * INTO verif FROM pqc_audit_verify(
        tampered,
        sigs.classical_sig,
        sigs.classical_alg,
        sigs.pqc_sig,
        sigs.pqc_alg
    );

    IF NOT verif.classical_valid AND NOT verif.pqc_valid THEN
        RAISE NOTICE 'Tampered message dual-verify rejection: PASS';
    ELSE
        RAISE EXCEPTION 'Tampered message dual-verify rejection: FAIL (classical=%, pqc=%)',
            verif.classical_valid, verif.pqc_valid;
    END IF;
END $$;
NOTICE:  Tampered message dual-verify rejection: PASS
-- ============================================================
-- Insert audit entries and verify hash chain
-- ============================================================
-- Manually insert audit log entries to test chain verification.
-- The pqc_audit_log_event() is an internal C function called by hooks,
-- so we create entries by using the dual-sign function and computing hashes.
DO $$
DECLARE
    msg1 bytea;
    msg2 bytea;
    msg3 bytea;
    sigs1 RECORD;
    sigs2 RECORD;
    sigs3 RECORD;
    hash1 bytea;
    hash2 bytea;
    hash3 bytea;
BEGIN
    msg1 := convert_to('{"object": "test_table", "query": "CREATE TABLE test_table (id int)"}', 'UTF8');
    msg2 := convert_to('{"object": "test_table", "query": "INSERT INTO test_table VALUES (1)"}', 'UTF8');
    msg3 := convert_to('{"object": "test_table", "query": "DROP TABLE test_table"}', 'UTF8');

    SELECT * INTO sigs1 FROM pqc_audit_sign(msg1);
    SELECT * INTO sigs2 FROM pqc_audit_sign(msg2);
    SELECT * INTO sigs3 FROM pqc_audit_sign(msg3);

    -- Compute simple hashes for the chain (using digest from pgcrypto-style)
    hash1 := sha256(msg1 || sigs1.classical_sig || sigs1.pqc_sig);
    hash2 := sha256(msg2 || sigs2.classical_sig || sigs2.pqc_sig || hash1);
    hash3 := sha256(msg3 || sigs3.classical_sig || sigs3.pqc_sig || hash2);

    -- Insert into audit log
    INSERT INTO pqc_audit_log
        (session_id, user_name, database_name, event_type, event_detail,
         classical_sig_alg, classical_signature,
         pqc_sig_alg, pqc_signature,
         prev_hash, entry_hash)
    VALUES
        ('test.1', current_user, current_database(), 'DDL', '{"object": "test_table", "query": "CREATE TABLE"}',
         sigs1.classical_alg, sigs1.classical_sig,
         sigs1.pqc_alg, sigs1.pqc_sig,
         NULL, hash1),
        ('test.2', current_user, current_database(), 'DML', '{"object": "test_table", "query": "INSERT"}',
         sigs2.classical_alg, sigs2.classical_sig,
         sigs2.pqc_alg, sigs2.pqc_sig,
         hash1, hash2),
        ('test.3', current_user, current_database(), 'DDL', '{"object": "test_table", "query": "DROP TABLE"}',
         sigs3.classical_alg, sigs3.classical_sig,
         sigs3.pqc_alg, sigs3.pqc_sig,
         hash2, hash3);

    RAISE NOTICE 'Audit log entries inserted: PASS';
END $$;
NOTICE:  Audit log entries inserted: PASS
-- Verify entries were inserted
SELECT count(*) AS audit_entry_count FROM pqc_audit_log;
 audit_entry_count
-------------------
                 3
(1 row)

-- Verify the hash chain links are present
SELECT
    log_id,
    event_type,
    prev_hash IS NULL AS is_first_entry,
    length(entry_hash) > 0 AS has_entry_hash,
    length(classical_signature) > 0 AS has_classical_sig,
    length(pqc_signature) > 0 AS has_pqc_sig
FROM pqc_audit_log
ORDER BY log_id;
 log_id | event_type | is_first_entry | has_entry_hash | has_classical_sig | has_pqc_sig
--------+------------+----------------+----------------+-------------------+-------------
      1 | DDL        | t              | t              | t                 | t
      2 | DML        | f              | t              | t                 | t
      3 | DDL        | f              | t              | t                 | t
(3 rows)

-- ============================================================
-- Verify hash chain integrity via pqc_audit_verify_chain
-- ============================================================
-- Verify the full chain
SELECT log_id, chain_valid, classical_sig_valid, pqc_sig_valid
FROM pqc_audit_verify_chain();
 log_id | chain_valid | classical_sig_valid | pqc_sig_valid
--------+-------------+---------------------+---------------
      1 | t           | t                   | t
      2 | t           | t                   | t
      3 | t           | t                   | t
(3 rows)

-- ============================================================
-- Chain tamper detection: modify an entry and re-verify
-- ============================================================
DO $$
DECLARE
    chain_rec RECORD;
    tamper_detected boolean := false;
    original_hash bytea;
    target_id bigint;
BEGIN
    -- Get the second entry's ID and original hash
    SELECT log_id, entry_hash INTO target_id, original_hash
    FROM pqc_audit_log
    ORDER BY log_id
    OFFSET 1 LIMIT 1;

    -- Tamper with the entry hash
    UPDATE pqc_audit_log
    SET entry_hash = sha256(E'\\x00'::bytea)
    WHERE log_id = target_id;

    -- Try to verify - the chain should be broken
    FOR chain_rec IN SELECT * FROM pqc_audit_verify_chain() LOOP
        IF NOT chain_rec.chain_valid THEN
            tamper_detected := true;
        END IF;
    END LOOP;

    -- Restore the original hash
    UPDATE pqc_audit_log
    SET entry_hash = original_hash
    WHERE log_id = target_id;

    IF tamper_detected THEN
        RAISE NOTICE 'Chain tamper detection: PASS';
    ELSE
        RAISE NOTICE 'Chain tamper detection: SKIPPED (chain structure may differ)';
    END IF;
END $$;
NOTICE:  Chain tamper detection: PASS
-- ============================================================
-- Multiple sign/verify cycles with same keys
-- ============================================================
DO $$
DECLARE
    i integer;
    msg bytea;
    sigs RECORD;
    verif RECORD;
    fail_count integer := 0;
BEGIN
    FOR i IN 1..10 LOOP
        msg := convert_to('audit message iteration ' || i::text, 'UTF8');
        SELECT * INTO sigs FROM pqc_audit_sign(msg);
        SELECT * INTO verif FROM pqc_audit_verify(
            msg,
            sigs.classical_sig,
            sigs.classical_alg,
            sigs.pqc_sig,
            sigs.pqc_alg
        );

        IF NOT (verif.classical_valid AND verif.pqc_valid) THEN
            fail_count := fail_count + 1;
        END IF;
    END LOOP;

    IF fail_count = 0 THEN
        RAISE NOTICE 'Bulk dual-sign/verify (10 iterations): PASS';
    ELSE
        RAISE EXCEPTION 'Bulk dual-sign/verify: FAIL (% failures)', fail_count;
    END IF;
END $$;
NOTICE:  Bulk dual-sign/verify (10 iterations): PASS
-- ============================================================
-- Cleanup
-- ============================================================
-- Clean up audit log entries created by this test
DELETE FROM pqc_audit_log WHERE session_id LIKE 'test.%';
DROP EXTENSION pgcrypto_pqc;
